ARM Linker, 4.1 [Build 713] [Standard]

==============================================================================

Image component sizes


      Code (inc. data)   RO Data    RW Data    ZI Data      Debug   Object Name

       684         82          0         24          0      13516   blockq.o
      1148        114          0         32          0       3117   blocktim.o
       356         62          0         20          0       3078   death.o
        72          8          0         24          0       2827   emac.o
      1598         80         48          0         28      10418   formike128x128x16.o
      1400        154          0         32          0       4030   genqtest.o
       300         32          0         24      24000       3375   heap_2.o
       178         20          0          4          0       2556   integer.o
      2216        288          0         84        400      11284   intqueue.o
       200         26          0          0          0       1398   intqueuetimer.o
       160          0          0          0          0       2769   list.o
       956        340       4933         12         25      23214   main.o
       888         86        571         25          0       5912   osram128x64x4.o
        40          4          0          0          0        425   partest.o
       360         62          0         12          0       2481   pollq.o
       352         40          0          4          0       4285   port.o
       984        166          0         24          0       3821   qpeek.o
      1438          6          0          0         80      12145   queue.o
       776        166          0         48          0       3122   recmutex.o
      1036        122        571         25          0       6352   rit128x96x4.o
       576         86          0         18          0       3080   semtest.o
       276        256          0          0       2048        456   startup_rvmdk.o
      3028        436         20         80        250      22209   tasks.o
       196         32          0         12          0       1272   timertest.o

    ----------------------------------------------------------------------
     19228       2668       6180        512      26840     147142   Object Totals
         0          0         32          0          0          0   (incl. Generated)
        10          0          5          8          9          0   (incl. Padding)

    ----------------------------------------------------------------------

      Code (inc. data)   RO Data    RW Data    ZI Data      Debug   Library Member Name

        44          6          0          0          0         84   __2sprintf.o
        58          0          0          0          0          0   __dczerorl.o
         8          0          0          0          0         68   __main.o
       284          0          0          0          0        156   __printf_wp.o
        52          8          0          0          0          0   __scatter.o
        28          0          0          0          0          0   __scatter_zi.o
        44          0          0          0          0        108   _printf_char.o
        48          6          0          0          0         96   _printf_char_common.o
       120         18          0          0          0         92   _printf_dec.o
       180          0          0          0          0         88   _printf_intcommon.o
         0          0          0          0          0          0   _printf_percent.o
         4          0          0          0          0          0   _printf_percent_end.o
         6          0          0          0          0          0   _printf_s.o
        82          0          0          0          0         80   _printf_str.o
         6          0          0          0          0          0   _printf_u.o
        10          0          0          0          0         68   _sputc.o
        16          0          0          0          0         68   aeabi_memset.o
        12          0          0          0          0         72   exit.o
         6          0          0          0          0        152   heapauxi.o
         0          0          0          0          0          0   indicate_semi.o
         6          0          0          0          0          0   libinit.o
         2          0          0          0          0          0   libinit2.o
         2          0          0          0          0          0   libshutdown.o
         2          0          0          0          0          0   libshutdown2.o
         8          4          0          0         96         68   libspace.o
        84          0          0          0          0         76   memcmp.o
         8          4          0          0          0         68   rt_fp_status_addr_intlibspace.o
        68          0          0          0          0         68   rt_memclr.o
        78          0          0          0          0         80   rt_memclr_w.o
       138          0          0          0          0         68   rt_memcpy_v6.o
       100          0          0          0          0         80   rt_memcpy_w.o
         0          0          0          0          0          0   rtentry.o
        12          0          0          0          0          0   rtentry2.o
         6          0          0          0          0          0   rtentry4.o
         2          0          0          0          0          0   rtexit.o
        10          0          0          0          0          0   rtexit2.o
        62          0          0          0          0         76   strlen.o
        86          0          0          0          0         76   strncpy.o
        12          4          0          0          0         68   sys_exit.o
        74          0          0          0          0         80   sys_stackheap_outer.o
         2          0          0          0          0         68   use_no_semi.o
        28          0          0          0          0       5171   ethernet.o
       278          0          0          0          0       3540   gpio.o
       144          4         96          0          0       1943   interrupt.o
       138          0          0          0          0       3529   ssi.o
       690         70        156          0          0       4940   sysctl.o
        72          0          0          0          0       2700   timer.o
        14          0          0          0          0         76   fpinit.o
        32          0          0          0          0      14114   context.o
         0          0       1500          0          0      14171   fontcmss12.o
       744          6          0          0         32      16318   image.o
        88          0          0          0          0       1366   line.o
       172          0          0          0          0        920   rectangle.o
       678          0          0          0          0       1899   string.o

    ----------------------------------------------------------------------
      4872        130       1752          0        128      72695   Library Totals
        24          0          0          0          0          0   (incl. Padding)

    ----------------------------------------------------------------------

      Code (inc. data)   RO Data    RW Data    ZI Data      Debug   Library Name

      1770         50          0          0         96       2008   c_w.l
      1350         74        252          0          0      21823   driverlib.lib
        14          0          0          0          0         76   fz_ws.l
      1714          6       1500          0         32      48788   grlib.lib

    ----------------------------------------------------------------------
      4872        130       1752          0        128      72695   Library Totals

    ----------------------------------------------------------------------

==============================================================================


      Code (inc. data)   RO Data    RW Data    ZI Data      Debug   

     24100       2798       7932        512      26968     209283   Grand Totals
     24100       2798       7932         28      26968     209283   ELF Image Totals (compressed)
     24100       2798       7932         28          0          0   ROM Totals

==============================================================================

    Total RO  Size (Code + RO Data)                32032 (  31.28kB)
    Total RW  Size (RW Data + ZI Data)             27480 (  26.84kB)
    Total ROM Size (Code + RO Data + RW Data)      32060 (  31.31kB)

==============================================================================

